boot/bootflow.c:341:12:bootflow_check	32	static
boot/bootflow.c:695:12:copy_in	80	static
boot/bootflow.c:40:13:bootflow_state_get_name	0	static
boot/bootflow.c:49:5:bootflow_first_glob	48	static
boot/bootflow.c:67:5:bootflow_next_glob	48	static
boot/bootflow.c:87:6:bootflow_iter_init	32	static
boot/bootflow.c:97:6:bootflow_iter_uninit	0	static
boot/bootflow.c:102:5:bootflow_iter_drop_bootmeth	32	static
boot/bootflow.c:428:5:bootflow_scan_next	80	static
boot/bootflow.c:380:5:bootflow_scan_first	64	static
boot/bootflow.c:456:6:bootflow_init	48	static
boot/bootflow.c:465:6:bootflow_free	32	static
boot/bootflow.c:477:6:bootflow_remove	32	static
boot/bootflow.c:503:5:bootflow_boot	16	static
boot/bootflow.c:522:5:bootflow_run_boot	32	static
boot/bootflow.c:566:5:bootflow_iter_check_blk	16	static
boot/bootflow.c:578:5:bootflow_iter_check_mmc	16	static
boot/bootflow.c:590:5:bootflow_iter_check_sf	16	static
boot/bootflow.c:602:5:bootflow_iter_check_net	16	static
boot/bootflow.c:614:5:bootflow_iter_check_system	16	static
boot/bootflow.c:632:5:bootflow_cmdline_set	32	static
boot/bootflow.c:727:5:cmdline_set_arg	144	static
boot/bootflow.c:875:5:bootflow_cmdline_set_arg	2096	static
boot/bootflow.c:905:5:cmdline_get_arg	0	static
boot/bootflow.c:914:5:bootflow_cmdline_get_arg	48	static
boot/bootflow.c:928:5:bootflow_cmdline_auto	128	static
