boot/image-fit.c:834:12:fit_image_get_address	48	static
boot/image-fit.c:1631:12:fdt_check_no_at	32	static
boot/image-fit.c:86:5:fit_parse_conf	48	static
boot/image-fit.c:112:5:fit_parse_subimage	48	static
boot/image-fit.c:150:5:fit_get_subimage_count	48	static
boot/image-fit.c:593:5:fit_get_desc	48	static
boot/image-fit.c:621:5:fit_get_timestamp	48	static
boot/image-fit.c:653:5:fit_image_get_node	32	static
boot/image-fit.c:687:5:fit_image_get_os	48	static
boot/image-fit.c:719:5:fit_image_get_arch	48	static
boot/image-fit.c:751:5:fit_image_get_type	48	static
boot/image-fit.c:783:5:fit_image_get_comp	48	static
boot/image-fit.c:812:5:fit_image_get_phase	48	static
boot/image-fit.c:876:5:fit_image_get_load	0	static
boot/image-fit.c:898:5:fit_image_get_entry	0	static
boot/image-fit.c:918:5:fit_image_get_data	48	static
boot/image-fit.c:945:5:fit_image_get_data_offset	32	static
boot/image-fit.c:969:5:fit_image_get_data_position	32	static
boot/image-fit.c:994:5:fit_image_get_data_size	32	static
boot/image-fit.c:1018:5:fit_image_get_data_size_unciphered	32	static
boot/image-fit.c:1048:5:fit_image_get_data_and_size	64	static
boot/image-fit.c:1095:5:fit_image_hash_get_algo	48	static
boot/image-fit.c:1123:5:fit_image_hash_get_value	48	static
boot/image-fit.c:184:13:fit_image_print_data	112	static
boot/image-fit.c:251:13:fit_image_print_verification_data	64	static
boot/image-fit.c:472:6:fit_image_print	112	static
boot/image-fit.c:365:6:fit_print_contents	128	static
boot/image-fit.c:1181:5:fit_image_cipher_get_algo	0	static
boot/image-fit.c:1194:7:fit_get_end	0	static
boot/image-fit.c:1212:5:fit_set_timestamp	32	static
boot/image-fit.c:1248:5:calculate_hash	64	static
boot/image-fit.c:1340:5:fit_image_verify_with_data	272	static
boot/image-fit.c:1418:5:fit_image_verify	64	static
boot/image-fit.c:1932:12:fit_get_data_tail	64	static
boot/image-fit.c:1459:5:fit_all_image_verify	80	static
boot/image-fit.c:1535:5:fit_image_check_os	48	static
boot/image-fit.c:1557:5:fit_image_check_arch	48	static
boot/image-fit.c:1590:5:fit_image_check_type	48	static
boot/image-fit.c:1613:5:fit_image_check_comp	48	static
boot/image-fit.c:1650:5:fit_check_format	32	static
boot/image-fit.c:1718:5:fit_conf_find_compat	144	static
boot/image-fit.c:1820:5:fit_conf_get_node	64	static
boot/image-fit.c:1879:5:fit_conf_get_prop_node_count	0	static
boot/image-fit.c:1885:5:fit_conf_get_prop_node_index	48	static
boot/image-fit.c:1899:5:fit_conf_get_prop_node	96	static
boot/image-fit.c:1952:5:fit_get_data_node	48	static
boot/image-fit.c:1960:5:fit_get_data_conf_prop	48	static
boot/image-fit.c:1986:5:fit_get_node_from_config	32	static
boot/image-fit.c:2049:5:fit_image_load	192	static
boot/image-fit.c:2308:5:boot_get_setup_fit	80	static
boot/image-fit.c:2329:5:boot_get_fdt_fit	240	static
