boot/pxe_utils.c:981:13:eol_or_eof	0	static
boot/pxe_utils.c:279:13:label_print	0	static
boot/pxe_utils.c:99:12:get_relfile	624	static
boot/pxe_utils.c:207:12:get_relfile_envaddr	64	static
boot/pxe_utils.c:257:13:label_destroy	32	static
boot/pxe_utils.c:859:14:get_string.constprop.isra	64	static
boot/pxe_utils.c:931:13:get_token	64	static
boot/pxe_utils.c:998:12:parse_sliteral	64	static
boot/pxe_utils.c:1018:12:parse_integer	64	static
boot/pxe_utils.c:37:5:pxe_get_file_size	32	static
boot/pxe_utils.c:66:5:format_mac_pxe	48	static
boot/pxe_utils.c:459:12:label_boot	2384	static
boot/pxe_utils.c:146:5:get_pxe_file	48	static
boot/pxe_utils.c:1047:12:handle_include	96	static
boot/pxe_utils.c:1310:12:parse_pxefile_top	176	static
boot/pxe_utils.c:174:5:get_pxelinux_path	592	static
boot/pxe_utils.c:1391:6:destroy_pxe_menu	48	static
boot/pxe_utils.c:1408:18:parse_pxefile	48	static
boot/pxe_utils.c:1517:6:handle_pxe_menu	128	static
boot/pxe_utils.c:1572:5:pxe_setup_ctx	80	static
boot/pxe_utils.c:1603:6:pxe_destroy_ctx	0	static
boot/pxe_utils.c:1608:5:pxe_process	48	static
