drivers/usb/gadget/f_mass_storage.c:476:12:ep0_queue	32	static
drivers/usb/gadget/f_mass_storage.c:495:13:bulk_in_complete	32	static
drivers/usb/gadget/f_mass_storage.c:512:13:bulk_out_complete	32	static
drivers/usb/gadget/f_mass_storage.c:653:12:sleep_thread	64	static
drivers/usb/gadget/storage_common.c:602:13:store_cdrom_address	0	static
drivers/usb/gadget/f_mass_storage.c:462:13:raise_exception	0	static
drivers/usb/gadget/f_mass_storage.c:2269:12:fsg_set_alt	16	static
drivers/usb/gadget/f_mass_storage.c:2277:13:fsg_disable	0	static
drivers/usb/gadget/f_mass_storage.c:535:12:fsg_setup	16	static
drivers/usb/gadget/f_mass_storage.c:2640:13:fsg_unbind	32	static
drivers/usb/gadget/f_mass_storage.c:2748:5:fsg_add	80	static
drivers/usb/gadget/f_mass_storage.c:1660:12:check_command.isra	80	static
drivers/usb/gadget/f_mass_storage.c:1774:12:check_command_size_in_blocks.constprop.isra	0	static
drivers/usb/gadget/f_mass_storage.c:1237:12:do_mode_sense.isra	96	static
drivers/usb/gadget/f_mass_storage.c:589:13:start_transfer.isra	32	static
drivers/usb/gadget/f_mass_storage.c:821:12:do_write	112	static
drivers/usb/gadget/f_mass_storage.c:1601:12:send_status	48	static
drivers/usb/gadget/f_mass_storage.c:693:12:do_read	96	static
drivers/usb/gadget/f_mass_storage.c:438:12:fsg_set_halt.isra	0	static
drivers/usb/gadget/f_mass_storage.c:1384:12:halt_bulk_in_endpoint	32	static
drivers/usb/gadget/f_mass_storage.c:2180:12:do_set_interface.constprop.isra	96	static
drivers/usb/gadget/f_mass_storage.c:2394:5:fsg_main_thread	112	static
drivers/usb/gadget/f_mass_storage.c:2604:1:usb_copy_descriptors	48	static
drivers/usb/gadget/f_mass_storage.c:2655:12:fsg_bind	48	static
drivers/usb/gadget/f_mass_storage.c:2766:5:fsg_init	0	static
