include/bloblist.h:464:19:bloblist_maybe_init	0	static
common/board_f.c:122:12:display_text_info	0	static
common/board_f.c:283:12:setup_mon_len	0	static
common/board_f.c:397:12:reserve_round_4k	0	static
common/board_f.c:476:12:reserve_uboot	0	static
common/board_f.c:533:12:reserve_malloc	0	static
common/board_f.c:852:12:checkcpu	0	static
common/board_f.c:265:12:dram_init_banksize	32	static
common/board_f.c:722:12:setup_reloc	16	static
common/board_f.c:667:12:reloc_fdt	16	static
common/board_f.c:202:12:announce_dram_init	16	static
common/board_f.c:116:12:init_baud_rate	16	static
common/board_f.c:825:12:initf_dm	0	static
include/log.h:669:19:log_init	0	static
include/cyclic.h:123:19:cyclic_unregister_all	0	static
common/board_f.c:857:12:clear_bss	0	static
common/board_f.c:803:12:initf_bootstage	0	static
common/board_f.c:847:12:reserve_arch	0	static
common/board_f.c:307:12:setup_spl_handoff	0	static
common/board_f.c:318:12:arch_cpu_init	0	static
common/board_f.c:323:12:mach_cpu_init	0	static
common/board_f.c:633:12:display_new_sp	0	static
common/board_f.c:680:12:reloc_bootstage	0	static
common/board_f.c:699:12:reloc_bloblist	0	static
common/board_f.c:403:12:arch_reserve_mmu	0	static
common/board_f.c:439:12:setup_relocaddr_from_bloblist	0	static
common/board_f.c:446:12:reserve_video	0	static
common/board_f.c:464:12:reserve_trace	0	static
common/board_f.c:589:12:reserve_bootstage	0	static
common/board_f.c:620:12:reserve_bloblist	0	static
common/board_f.c:546:12:reserve_board	16	static
common/board_f.c:568:12:reserve_fdt	0	static
common/board_f.c:559:12:reserve_global_data	0	static
common/board_f.c:66:13:coloured_LED_init	0	static
common/board_f.c:67:13:red_led_on	0	static
common/board_f.c:68:13:red_led_off	0	static
common/board_f.c:69:13:green_led_on	0	static
common/board_f.c:70:13:green_led_off	0	static
common/board_f.c:71:13:yellow_led_on	0	static
common/board_f.c:72:13:yellow_led_off	0	static
common/board_f.c:73:13:blue_led_on	0	static
common/board_f.c:74:13:blue_led_off	0	static
common/board_f.c:111:13:board_add_ram_info	0	static
common/board_f.c:238:12:show_dram_config	32	static
common/board_f.c:329:20:board_get_usable_ram_top	0	static
common/board_f.c:346:12:arch_setup_dest_addr	0	static
common/board_f.c:351:12:setup_dest_addr	32	static
common/board_f.c:603:12:arch_reserve_stacks	0	static
common/board_f.c:608:12:reserve_stacks	0	static
common/board_f.c:640:12:arch_setup_bdinfo	0	static
common/board_f.c:645:5:setup_bdinfo	0	static
common/board_f.c:1006:6:board_init_f	16	static
