common/console.c:420:6:console_puts_select.part.0	0	static
common/console.c:500:5:fgetc.part.0	32	static
common/console.c:582:5:getchar	0	static
common/console.c:731:6:puts	32	static
common/console.c:554:6:fflush.part.0	0	static
common/console.c:776:6:flush	0	static
common/console.c:690:6:putc	0	static
common/console.c:420:6:console_puts_select	48	static
common/console.c:454:5:console_start	16	static
common/console.c:174:12:console_setfile	32	static
common/console.c:471:6:console_stop	0	static
common/console.c:482:5:serial_printf	1216	static
common/console.c:500:5:fgetc	0	static
common/console.c:533:5:ftstc	0	static
common/console.c:605:5:tstc	0	static
common/console.c:541:6:fputc	0	static
common/console.c:547:6:fputs	0	static
common/console.c:554:6:fflush	0	static
common/console.c:561:5:fprintf	1200	static
common/console.c:873:5:ctrlc	16	static
common/console.c:892:5:confirm_yesno	64	static
common/console.c:919:5:disable_ctrlc	0	static
common/console.c:927:5:had_ctrlc	0	static
common/console.c:932:6:clear_ctrlc	0	static
common/console.c:939:19:console_search_dev	32	static
common/console.c:955:5:console_assign	32	static
common/console.c:30:12:on_console	48	static
common/console.c:998:5:console_announce_r	224	static
common/console.c:1012:5:console_init_f	0	static
common/console.c:1023:5:console_clear	16	static
common/console.c:1177:5:console_init_r	64	static
