net/net.c:382:13:net_clear_handlers	0	static
net/net.c:766:13:start_again_timeout_handler	0	static
net/net.c:830:13:dummy_handler	0	static
net/net.c:216:12:on_ipaddr	16	static
net/net.c:228:12:on_gatewayip	16	static
net/net.c:240:12:on_netmask	16	static
net/net.c:252:12:on_serverip	16	static
net/net.c:350:12:net_init_loop	16	static
net/net.c:394:5:net_init	32	static
net/net.c:771:5:net_start_again	32	static
net/net.c:836:11:net_get_udp_handler	0	static
net/net.c:841:6:net_set_udp_handler	0	static
net/net.c:850:11:net_get_arp_handler	0	static
net/net.c:855:6:net_set_arp_handler	0	static
net/net.c:871:6:net_set_timeout_handler	32	static
net/net.c:886:8:net_get_async_tx_pkt_buf	16	static
net/net.c:1189:6:net_process_received_packet	64	static
net/net.c:1580:1:net_eth_hdr_size	0	static
net/net.c:1592:5:net_set_ether	48	static
net/net.c:1617:5:net_update_ether	32	static
net/net.c:1640:6:net_set_ip_header	48	static
net/net.c:1665:6:net_set_udp_header	48	static
net/net.c:911:5:net_send_ip_packet	96	static
net/net.c:894:5:net_send_udp_packet	32	static
net/net.c:1687:6:copy_filename	0	static
net/net.c:1699:5:is_serverip_in_cmd	16	static
net/net.c:1468:12:net_check_prereq	16	static
net/net.c:306:6:net_auto_load	16	static
net/net.c:428:5:net_loop	80	static
net/net.c:1704:5:net_parse_bootfile	64	static
net/net.c:1729:6:ip_to_string	0	static
net/net.c:1740:6:vlan_to_string	0	static
net/net.c:1753:8:string_to_vlan	16	static
net/net.c:264:12:on_nvlan	16	static
net/net.c:276:12:on_vlan	16	static
net/net.c:1768:8:env_get_vlan	16	static
