drivers/core/regmap.c:67:23:regmap_alloc	32	static
drivers/core/regmap.c:169:5:regmap_init_mem_index	80	static
drivers/core/regmap.c:215:5:regmap_init_mem_range	64	static
drivers/core/regmap.c:242:5:regmap_init_mem	112	static
drivers/core/regmap.c:321:16:devm_regmap_init	48	static
drivers/core/regmap.c:354:7:regmap_get_range	0	static
drivers/core/regmap.c:365:5:regmap_uninit	16	static
drivers/core/regmap.c:421:5:regmap_raw_read_range	0	static
drivers/core/regmap.c:466:5:regmap_raw_read	0	static
drivers/core/regmap.c:471:5:regmap_read	32	static
drivers/core/regmap.c:561:5:regmap_raw_write_range	0	static
drivers/core/regmap.c:605:5:regmap_raw_write	0	static
drivers/core/regmap.c:611:5:regmap_write	32	static
drivers/core/regmap.c:642:5:regmap_update_bits	32	static
drivers/core/regmap.c:656:5:regmap_field_read	32	static
drivers/core/regmap.c:672:5:regmap_field_write	0	static
drivers/core/regmap.c:688:22:devm_regmap_field_alloc	48	static
drivers/core/regmap.c:702:6:devm_regmap_field_free	0	static
drivers/core/regmap.c:707:22:regmap_field_alloc	48	static
drivers/core/regmap.c:720:6:regmap_field_free	0	static
